%!Adobe-FontList 1.14
%Locale:0x409

%BeginFont
Handler:DirectoryHandler
FontType:Invalid
OutlineFileName:C:\Users\NNN\Desktop\PSd TO HTML #6\Font\flaticon.css
FileModTime:1603645686
%EndFont

%BeginFont
Handler:DirectoryHandler
FontType:Invalid
OutlineFileName:C:\Users\NNN\Desktop\PSd TO HTML #6\Font\Flaticon.eot
FileModTime:1603645685
%EndFont

%BeginFont
Handler:DirectoryHandler
FontType:Invalid
OutlineFileName:C:\Users\NNN\Desktop\PSd TO HTML #6\Font\flaticon.html
FileModTime:1603645686
%EndFont

%BeginFont
Handler:DirectoryHandler
FontType:Invalid
OutlineFileName:C:\Users\NNN\Desktop\PSd TO HTML #6\Font\Flaticon.svg
FileModTime:1603645684
%EndFont

%BeginFont
Handler:DirectoryHandler
FontType:TrueType
FontName:Flaticon
FamilyName:Flaticon
StyleName:Regular
FullName:Flaticon
MenuName:Flaticon
StyleBits:0
WritingScript:Roman
OutlineFileName:C:\Users\NNN\Desktop\PSd TO HTML #6\Font\Flaticon.ttf
DataFormat:sfntData
FileLength:4844
FileModTime:1603645684
WeightClass:400
WidthClass:5
AngleClass:0
%EndFont

%BeginFont
Handler:DirectoryHandler
FontType:Invalid
OutlineFileName:C:\Users\NNN\Desktop\PSd TO HTML #6\Font\Flaticon.woff
FileModTime:1603645685
%EndFont

%BeginFont
Handler:DirectoryHandler
FontType:Invalid
OutlineFileName:C:\Users\NNN\Desktop\PSd TO HTML #6\Font\Flaticon.woff2
FileModTime:1603645685
%EndFont

%BeginFont
Handler:DirectoryHandler
FontType:Invalid
OutlineFileName:C:\Users\NNN\Desktop\PSd TO HTML #6\Font\_flaticon.scss
FileModTime:1603645686
%EndFont

